../Core/Src/main.c:72:6:__io_putchar	1
../Core/Src/main.c:85:5:main	1
../Core/Src/main.c:142:6:SystemClock_Config	4
../Core/Src/main.c:199:13:MX_GPDMA1_Init	1
../Core/Src/main.c:227:13:MX_I2S2_Init	2
../Core/Src/main.c:263:13:MX_ICACHE_Init	3
../Core/Src/main.c:295:13:MX_USART3_UART_Init	5
../Core/Src/main.c:343:13:MX_GPIO_Init	1
../Core/Src/main.c:466:6:HAL_I2S_RxHalfCpltCallback	1
../Core/Src/main.c:472:6:HAL_I2S_RxCpltCallback	1
../Core/Src/main.c:478:6:HAL_I2S_ErrorCallback	1
../Core/Src/main.c:492:6:HAL_TIM_PeriodElapsedCallback	2
../Core/Src/main.c:509:6:Error_Handler	1
